2026-03-13T10:00:00.012Z INFO  [server] Imagine TUI Service v2.4.1 starting up
2026-03-13T10:00:00.013Z INFO  [server] Loading configuration from /etc/imagine-tui/config.yaml
2026-03-13T10:00:00.018Z DEBUG [server] Config loaded: environment=production, log_level=debug
2026-03-13T10:00:00.019Z DEBUG [server] Initializing connection pools
2026-03-13T10:00:00.045Z INFO  [db] Connecting to PostgreSQL at db-primary.internal:5432
2026-03-13T10:00:00.187Z INFO  [db] Connection established, pool_size=20, idle=5
2026-03-13T10:00:00.188Z DEBUG [db] Running migration check against schema_version table
2026-03-13T10:00:00.201Z INFO  [db] Schema is up to date at version 47
2026-03-13T10:00:00.210Z INFO  [cache] Connecting to Redis cluster at cache.internal:6379
2026-03-13T10:00:00.298Z INFO  [cache] Redis connection established, cluster_nodes=3
2026-03-13T10:00:00.299Z DEBUG [cache] Cache TTL defaults: session=3600s, query=300s, static=86400s
2026-03-13T10:00:00.305Z INFO  [auth] Loading JWT signing keys from vault
2026-03-13T10:00:00.412Z INFO  [auth] JWT keys loaded, algorithm=RS256, kid=key-2026-03
2026-03-13T10:00:00.415Z INFO  [worker] Starting background worker pool, workers=4
2026-03-13T10:00:00.416Z DEBUG [worker] Worker-0 ready
2026-03-13T10:00:00.416Z DEBUG [worker] Worker-1 ready
2026-03-13T10:00:00.417Z DEBUG [worker] Worker-2 ready
2026-03-13T10:00:00.417Z DEBUG [worker] Worker-3 ready
2026-03-13T10:00:00.420Z INFO  [server] Registering API routes
2026-03-13T10:00:00.421Z DEBUG [server] Route registered: GET /api/v1/health
2026-03-13T10:00:00.421Z DEBUG [server] Route registered: GET /api/v1/users/:id
2026-03-13T10:00:00.421Z DEBUG [server] Route registered: POST /api/v1/users
2026-03-13T10:00:00.422Z DEBUG [server] Route registered: GET /api/v1/projects/:id
2026-03-13T10:00:00.422Z DEBUG [server] Route registered: POST /api/v1/projects
2026-03-13T10:00:00.422Z DEBUG [server] Route registered: GET /api/v1/widgets
2026-03-13T10:00:00.423Z DEBUG [server] Route registered: POST /api/v1/render
2026-03-13T10:00:00.425Z INFO  [server] Starting HTTP server on :8080
2026-03-13T10:00:00.427Z INFO  [server] Starting HTTPS server on :8443
2026-03-13T10:00:00.430Z INFO  [server] Service ready, accepting connections
2026-03-13T10:00:01.002Z INFO  [api] GET /api/v1/health 200 1ms caller=k8s-probe
2026-03-13T10:00:05.334Z INFO  [api] GET /api/v1/health 200 1ms caller=k8s-probe
2026-03-13T10:00:12.118Z INFO  [api] GET /api/v1/users/u-8831 200 14ms
2026-03-13T10:00:12.119Z DEBUG [db] SELECT * FROM users WHERE id=$1 rows=1 duration=8ms
2026-03-13T10:00:12.120Z DEBUG [cache] SET user:u-8831 ttl=300s size=1.2KB
2026-03-13T10:00:15.005Z INFO  [api] GET /api/v1/health 200 1ms caller=k8s-probe
2026-03-13T10:00:18.441Z INFO  [api] POST /api/v1/render 200 45ms
2026-03-13T10:00:18.442Z DEBUG [db] SELECT * FROM widgets WHERE project_id=$1 rows=12 duration=6ms
2026-03-13T10:00:18.460Z DEBUG [cache] GET render:proj-221 HIT
2026-03-13T10:00:25.003Z INFO  [api] GET /api/v1/health 200 1ms caller=k8s-probe
2026-03-13T10:00:27.812Z INFO  [api] GET /api/v1/projects/proj-221 200 22ms
2026-03-13T10:00:27.813Z DEBUG [cache] GET project:proj-221 MISS
2026-03-13T10:00:27.830Z DEBUG [db] SELECT * FROM projects WHERE id=$1 rows=1 duration=11ms
2026-03-13T10:00:27.831Z DEBUG [cache] SET project:proj-221 ttl=300s size=3.4KB
2026-03-13T10:00:33.119Z INFO  [worker] Worker-1 picked up job: email_notification job_id=job-40012
2026-03-13T10:00:33.345Z DEBUG [worker] Rendering email template for user u-8831
2026-03-13T10:00:33.567Z INFO  [worker] Job job-40012 completed in 448ms
2026-03-13T10:00:35.004Z INFO  [api] GET /api/v1/health 200 1ms caller=k8s-probe
2026-03-13T10:00:41.200Z INFO  [api] GET /api/v1/widgets?page=1&limit=50 200 31ms
2026-03-13T10:00:41.201Z DEBUG [db] SELECT * FROM widgets ORDER BY created_at DESC LIMIT 50 rows=50 duration=18ms
2026-03-13T10:00:45.005Z INFO  [api] GET /api/v1/health 200 1ms caller=k8s-probe
2026-03-13T10:00:52.667Z INFO  [api] POST /api/v1/users 201 38ms
2026-03-13T10:00:52.668Z DEBUG [db] INSERT INTO users (...) RETURNING id duration=24ms new_id=u-8842
2026-03-13T10:00:52.670Z DEBUG [cache] DEL user_list:* invalidated=3
2026-03-13T10:00:55.003Z INFO  [api] GET /api/v1/health 200 1ms caller=k8s-probe
2026-03-13T10:01:03.881Z WARN  [api] GET /api/v1/users/u-0000 404 3ms user_not_found
2026-03-13T10:01:05.004Z INFO  [api] GET /api/v1/health 200 1ms caller=k8s-probe
2026-03-13T10:01:11.556Z INFO  [api] GET /api/v1/projects/proj-102 200 18ms
2026-03-13T10:01:11.557Z DEBUG [cache] GET project:proj-102 HIT
2026-03-13T10:01:15.005Z INFO  [api] GET /api/v1/health 200 1ms caller=k8s-probe
2026-03-13T10:01:22.334Z INFO  [api] POST /api/v1/render 200 62ms
2026-03-13T10:01:22.335Z DEBUG [cache] GET render:proj-102 MISS
2026-03-13T10:01:22.390Z DEBUG [db] SELECT * FROM widgets WHERE project_id=$1 rows=24 duration=19ms
2026-03-13T10:01:22.391Z DEBUG [cache] SET render:proj-102 ttl=60s size=8.7KB
2026-03-13T10:01:25.003Z INFO  [api] GET /api/v1/health 200 1ms caller=k8s-probe
2026-03-13T10:01:31.789Z WARN  [auth] Failed login attempt for user admin@example.com from 198.51.100.14
2026-03-13T10:01:31.790Z DEBUG [auth] Incrementing failed_attempts counter for admin@example.com count=1
2026-03-13T10:01:35.005Z INFO  [api] GET /api/v1/health 200 1ms caller=k8s-probe
2026-03-13T10:01:42.005Z INFO  [api] GET /api/v1/users/u-8842 200 9ms
2026-03-13T10:01:42.006Z DEBUG [cache] GET user:u-8842 HIT
2026-03-13T10:01:45.003Z INFO  [api] GET /api/v1/health 200 1ms caller=k8s-probe
2026-03-13T10:01:51.223Z INFO  [worker] Worker-3 picked up job: report_generation job_id=job-40013
2026-03-13T10:01:51.224Z DEBUG [worker] Querying report data for project proj-221
2026-03-13T10:01:51.890Z DEBUG [db] SELECT ... FROM analytics WHERE project_id=$1 AND date >= $2 rows=365 duration=620ms
2026-03-13T10:01:52.112Z INFO  [worker] Job job-40013 completed in 889ms
2026-03-13T10:01:55.004Z INFO  [api] GET /api/v1/health 200 1ms caller=k8s-probe
2026-03-13T10:02:03.445Z INFO  [api] GET /api/v1/widgets?page=2&limit=50 200 27ms
2026-03-13T10:02:03.446Z DEBUG [db] SELECT * FROM widgets ORDER BY created_at DESC LIMIT 50 OFFSET 50 rows=50 duration=15ms
2026-03-13T10:02:05.005Z INFO  [api] GET /api/v1/health 200 1ms caller=k8s-probe
2026-03-13T10:02:14.778Z WARN  [cache] High memory usage on Redis node cache-2: 82% of max_memory
2026-03-13T10:02:15.003Z INFO  [api] GET /api/v1/health 200 1ms caller=k8s-probe
2026-03-13T10:02:22.001Z INFO  [api] POST /api/v1/projects 201 55ms
2026-03-13T10:02:22.002Z DEBUG [db] INSERT INTO projects (...) RETURNING id duration=34ms new_id=proj-334
2026-03-13T10:02:22.004Z DEBUG [cache] DEL project_list:* invalidated=5
2026-03-13T10:02:25.004Z INFO  [api] GET /api/v1/health 200 1ms caller=k8s-probe
2026-03-13T10:02:33.119Z WARN  [auth] Failed login attempt for user admin@example.com from 198.51.100.14
2026-03-13T10:02:33.120Z DEBUG [auth] Incrementing failed_attempts counter for admin@example.com count=2
2026-03-13T10:02:35.005Z INFO  [api] GET /api/v1/health 200 1ms caller=k8s-probe
2026-03-13T10:02:44.890Z INFO  [api] GET /api/v1/users/u-7712 200 16ms
2026-03-13T10:02:44.891Z DEBUG [cache] GET user:u-7712 MISS
2026-03-13T10:02:44.903Z DEBUG [db] SELECT * FROM users WHERE id=$1 rows=1 duration=9ms
2026-03-13T10:02:44.904Z DEBUG [cache] SET user:u-7712 ttl=300s size=1.1KB
2026-03-13T10:02:45.003Z INFO  [api] GET /api/v1/health 200 1ms caller=k8s-probe
2026-03-13T10:02:55.334Z INFO  [api] POST /api/v1/render 200 41ms
2026-03-13T10:02:55.335Z DEBUG [cache] GET render:proj-334 MISS
2026-03-13T10:02:55.370Z DEBUG [db] SELECT * FROM widgets WHERE project_id=$1 rows=0 duration=5ms
2026-03-13T10:02:55.371Z DEBUG [cache] SET render:proj-334 ttl=60s size=0.2KB
2026-03-13T10:02:55.372Z WARN  [api] POST /api/v1/render project proj-334 has no widgets, returning empty layout
2026-03-13T10:03:05.004Z INFO  [api] GET /api/v1/health 200 1ms caller=k8s-probe
2026-03-13T10:03:12.556Z INFO  [worker] Worker-0 picked up job: thumbnail_generation job_id=job-40014
2026-03-13T10:03:12.557Z DEBUG [worker] Resizing image asset-99102 to 256x256
2026-03-13T10:03:13.221Z INFO  [worker] Job job-40014 completed in 665ms
2026-03-13T10:03:15.005Z INFO  [api] GET /api/v1/health 200 1ms caller=k8s-probe
2026-03-13T10:03:22.778Z WARN  [auth] Failed login attempt for user admin@example.com from 198.51.100.14
2026-03-13T10:03:22.779Z WARN  [auth] Account admin@example.com locked after 3 failed attempts, lockout=300s
2026-03-13T10:03:25.003Z INFO  [api] GET /api/v1/health 200 1ms caller=k8s-probe
2026-03-13T10:03:33.001Z INFO  [api] GET /api/v1/projects/proj-334 200 11ms
2026-03-13T10:03:33.002Z DEBUG [cache] GET project:proj-334 HIT
2026-03-13T10:03:35.005Z INFO  [api] GET /api/v1/health 200 1ms caller=k8s-probe
2026-03-13T10:03:44.223Z INFO  [api] GET /api/v1/users/u-8831 200 4ms
2026-03-13T10:03:44.224Z DEBUG [cache] GET user:u-8831 HIT
2026-03-13T10:03:45.003Z INFO  [api] GET /api/v1/health 200 1ms caller=k8s-probe
2026-03-13T10:03:55.112Z INFO  [api] POST /api/v1/render 200 39ms
2026-03-13T10:03:55.113Z DEBUG [cache] GET render:proj-221 HIT
2026-03-13T10:04:05.004Z INFO  [api] GET /api/v1/health 200 1ms caller=k8s-probe
2026-03-13T10:04:12.667Z WARN  [db] Slow query detected: SELECT ... FROM analytics duration=1204ms threshold=1000ms
2026-03-13T10:04:12.668Z DEBUG [db] Query plan: Seq Scan on analytics, rows_estimated=50000, rows_actual=48712
2026-03-13T10:04:15.005Z INFO  [api] GET /api/v1/health 200 1ms caller=k8s-probe
2026-03-13T10:04:24.890Z INFO  [api] GET /api/v1/widgets?filter=type:button 200 19ms
2026-03-13T10:04:24.891Z DEBUG [db] SELECT * FROM widgets WHERE type=$1 rows=18 duration=10ms
2026-03-13T10:04:25.003Z INFO  [api] GET /api/v1/health 200 1ms caller=k8s-probe
2026-03-13T10:04:33.778Z INFO  [worker] Worker-2 picked up job: webhook_delivery job_id=job-40015
2026-03-13T10:04:33.779Z DEBUG [worker] Delivering webhook to https://hooks.client.example/events
2026-03-13T10:04:34.112Z INFO  [worker] Job job-40015 completed in 333ms status=delivered
2026-03-13T10:04:35.004Z INFO  [api] GET /api/v1/health 200 1ms caller=k8s-probe
2026-03-13T10:04:44.556Z INFO  [api] POST /api/v1/users 201 42ms
2026-03-13T10:04:44.557Z DEBUG [db] INSERT INTO users (...) RETURNING id duration=28ms new_id=u-8843
2026-03-13T10:04:45.005Z INFO  [api] GET /api/v1/health 200 1ms caller=k8s-probe
2026-03-13T10:04:55.223Z WARN  [cache] Connection to cache-1 timed out, retrying
2026-03-13T10:04:55.445Z INFO  [cache] Reconnected to cache-1 after 222ms
2026-03-13T10:05:05.003Z INFO  [api] GET /api/v1/health 200 1ms caller=k8s-probe
2026-03-13T10:05:12.334Z INFO  [api] GET /api/v1/projects/proj-102 200 6ms
2026-03-13T10:05:12.335Z DEBUG [cache] GET project:proj-102 HIT
2026-03-13T10:05:15.004Z INFO  [api] GET /api/v1/health 200 1ms caller=k8s-probe
2026-03-13T10:05:22.889Z INFO  [api] POST /api/v1/render 200 88ms
2026-03-13T10:05:22.890Z DEBUG [cache] GET render:proj-102 MISS
2026-03-13T10:05:22.960Z DEBUG [db] SELECT * FROM widgets WHERE project_id=$1 rows=24 duration=22ms
2026-03-13T10:05:22.970Z DEBUG [cache] SET render:proj-102 ttl=60s size=8.7KB
2026-03-13T10:05:25.005Z INFO  [api] GET /api/v1/health 200 1ms caller=k8s-probe
2026-03-13T10:05:35.112Z INFO  [api] GET /api/v1/users/u-8843 200 12ms
2026-03-13T10:05:35.113Z DEBUG [cache] GET user:u-8843 MISS
2026-03-13T10:05:35.121Z DEBUG [db] SELECT * FROM users WHERE id=$1 rows=1 duration=6ms
2026-03-13T10:05:35.122Z DEBUG [cache] SET user:u-8843 ttl=300s size=1.0KB
2026-03-13T10:05:45.003Z INFO  [api] GET /api/v1/health 200 1ms caller=k8s-probe
2026-03-13T10:05:52.445Z WARN  [api] GET /api/v1/projects/proj-999 404 4ms project_not_found
2026-03-13T10:05:55.005Z INFO  [api] GET /api/v1/health 200 1ms caller=k8s-probe
2026-03-13T10:06:04.112Z INFO  [worker] Worker-1 picked up job: email_notification job_id=job-40016
2026-03-13T10:06:04.334Z DEBUG [worker] Rendering email template for user u-8843
2026-03-13T10:06:04.556Z INFO  [worker] Job job-40016 completed in 444ms
2026-03-13T10:06:05.004Z INFO  [api] GET /api/v1/health 200 1ms caller=k8s-probe
2026-03-13T10:06:15.778Z INFO  [api] GET /api/v1/widgets?page=1&limit=25 200 14ms
2026-03-13T10:06:15.779Z DEBUG [db] SELECT * FROM widgets ORDER BY created_at DESC LIMIT 25 rows=25 duration=8ms
2026-03-13T10:06:25.003Z INFO  [api] GET /api/v1/health 200 1ms caller=k8s-probe
2026-03-13T10:06:33.223Z INFO  [api] POST /api/v1/render 200 51ms
2026-03-13T10:06:33.224Z DEBUG [cache] GET render:proj-334 MISS
2026-03-13T10:06:33.268Z DEBUG [db] SELECT * FROM widgets WHERE project_id=$1 rows=3 duration=7ms
2026-03-13T10:06:33.269Z DEBUG [cache] SET render:proj-334 ttl=60s size=1.8KB
2026-03-13T10:06:35.005Z INFO  [api] GET /api/v1/health 200 1ms caller=k8s-probe
2026-03-13T10:06:44.667Z WARN  [db] Connection pool utilization at 85% (17/20 active)
2026-03-13T10:06:45.003Z INFO  [api] GET /api/v1/health 200 1ms caller=k8s-probe
2026-03-13T10:06:55.112Z INFO  [api] GET /api/v1/users/u-7712 200 3ms
2026-03-13T10:06:55.113Z DEBUG [cache] GET user:u-7712 HIT
2026-03-13T10:07:05.005Z INFO  [api] GET /api/v1/health 200 1ms caller=k8s-probe
2026-03-13T10:07:14.889Z INFO  [api] POST /api/v1/projects 201 48ms
2026-03-13T10:07:14.890Z DEBUG [db] INSERT INTO projects (...) RETURNING id duration=29ms new_id=proj-335
2026-03-13T10:07:14.892Z DEBUG [cache] DEL project_list:* invalidated=5
2026-03-13T10:07:15.003Z INFO  [api] GET /api/v1/health 200 1ms caller=k8s-probe
2026-03-13T10:07:25.445Z INFO  [api] GET /api/v1/projects/proj-335 200 15ms
2026-03-13T10:07:25.446Z DEBUG [cache] GET project:proj-335 MISS
2026-03-13T10:07:25.457Z DEBUG [db] SELECT * FROM projects WHERE id=$1 rows=1 duration=8ms
2026-03-13T10:07:25.458Z DEBUG [cache] SET project:proj-335 ttl=300s size=2.9KB
2026-03-13T10:07:35.004Z INFO  [api] GET /api/v1/health 200 1ms caller=k8s-probe
2026-03-13T10:07:44.223Z INFO  [worker] Worker-3 picked up job: index_rebuild job_id=job-40017
2026-03-13T10:07:44.224Z DEBUG [worker] Rebuilding search index for project proj-221
2026-03-13T10:07:46.778Z DEBUG [db] SELECT * FROM widgets WHERE project_id=$1 rows=12 duration=14ms
2026-03-13T10:07:47.112Z INFO  [worker] Job job-40017 completed in 2889ms
2026-03-13T10:07:55.005Z INFO  [api] GET /api/v1/health 200 1ms caller=k8s-probe
2026-03-13T10:08:04.667Z INFO  [api] GET /api/v1/widgets?filter=type:input 200 16ms
2026-03-13T10:08:04.668Z DEBUG [db] SELECT * FROM widgets WHERE type=$1 rows=9 duration=7ms
2026-03-13T10:08:05.003Z INFO  [api] GET /api/v1/health 200 1ms caller=k8s-probe
2026-03-13T10:08:15.334Z WARN  [api] Request rate limit approaching for client api-key-8812: 450/500 rpm
2026-03-13T10:08:25.004Z INFO  [api] GET /api/v1/health 200 1ms caller=k8s-probe
2026-03-13T10:08:33.556Z INFO  [api] POST /api/v1/render 200 37ms
2026-03-13T10:08:33.557Z DEBUG [cache] GET render:proj-335 MISS
2026-03-13T10:08:33.588Z DEBUG [db] SELECT * FROM widgets WHERE project_id=$1 rows=0 duration=4ms
2026-03-13T10:08:33.589Z WARN  [api] POST /api/v1/render project proj-335 has no widgets, returning empty layout
2026-03-13T10:08:35.005Z INFO  [api] GET /api/v1/health 200 1ms caller=k8s-probe
2026-03-13T10:08:45.112Z INFO  [api] GET /api/v1/users/u-8831 200 4ms
2026-03-13T10:08:45.113Z DEBUG [cache] GET user:u-8831 HIT
2026-03-13T10:08:55.003Z INFO  [api] GET /api/v1/health 200 1ms caller=k8s-probe
2026-03-13T10:09:05.778Z INFO  [api] POST /api/v1/users 201 35ms
2026-03-13T10:09:05.779Z DEBUG [db] INSERT INTO users (...) RETURNING id duration=21ms new_id=u-8844
2026-03-13T10:09:15.005Z INFO  [api] GET /api/v1/health 200 1ms caller=k8s-probe
2026-03-13T10:09:25.334Z WARN  [cache] Evicting stale entries: removed=142 freed=18.4MB
2026-03-13T10:09:35.003Z INFO  [api] GET /api/v1/health 200 1ms caller=k8s-probe
2026-03-13T10:09:44.001Z INFO  [api] GET /api/v1/projects/proj-221 200 5ms
2026-03-13T10:09:44.002Z DEBUG [cache] GET project:proj-221 HIT
2026-03-13T10:09:55.004Z INFO  [api] GET /api/v1/health 200 1ms caller=k8s-probe
2026-03-13T10:10:03.889Z INFO  [worker] Worker-0 picked up job: webhook_delivery job_id=job-40018
2026-03-13T10:10:03.890Z DEBUG [worker] Delivering webhook to https://hooks.client2.example/callbacks
2026-03-13T10:10:04.567Z WARN  [worker] Webhook delivery attempt 1 failed for job-40018: connection refused
2026-03-13T10:10:05.005Z INFO  [api] GET /api/v1/health 200 1ms caller=k8s-probe
2026-03-13T10:10:06.568Z DEBUG [worker] Retrying webhook delivery for job-40018 attempt=2
2026-03-13T10:10:07.223Z WARN  [worker] Webhook delivery attempt 2 failed for job-40018: connection refused
2026-03-13T10:10:09.224Z DEBUG [worker] Retrying webhook delivery for job-40018 attempt=3
2026-03-13T10:10:09.890Z INFO  [worker] Job job-40018 completed in 6001ms status=delivered
2026-03-13T10:10:15.003Z INFO  [api] GET /api/v1/health 200 1ms caller=k8s-probe
2026-03-13T10:10:25.445Z INFO  [api] POST /api/v1/render 200 43ms
2026-03-13T10:10:25.446Z DEBUG [cache] GET render:proj-221 HIT
2026-03-13T10:10:35.005Z INFO  [api] GET /api/v1/health 200 1ms caller=k8s-probe
2026-03-13T10:10:44.223Z INFO  [api] GET /api/v1/widgets?page=1&limit=50 200 29ms
2026-03-13T10:10:44.224Z DEBUG [db] SELECT * FROM widgets ORDER BY created_at DESC LIMIT 50 rows=50 duration=16ms
2026-03-13T10:10:55.003Z INFO  [api] GET /api/v1/health 200 1ms caller=k8s-probe
2026-03-13T10:11:04.112Z INFO  [api] GET /api/v1/users/u-8844 200 11ms
2026-03-13T10:11:04.113Z DEBUG [cache] GET user:u-8844 MISS
2026-03-13T10:11:04.120Z DEBUG [db] SELECT * FROM users WHERE id=$1 rows=1 duration=5ms
2026-03-13T10:11:04.121Z DEBUG [cache] SET user:u-8844 ttl=300s size=1.1KB
2026-03-13T10:11:15.004Z INFO  [api] GET /api/v1/health 200 1ms caller=k8s-probe
2026-03-13T10:11:22.889Z WARN  [db] Connection pool utilization at 90% (18/20 active)
2026-03-13T10:11:25.005Z INFO  [api] GET /api/v1/health 200 1ms caller=k8s-probe
2026-03-13T10:11:33.667Z INFO  [api] POST /api/v1/render 200 55ms
2026-03-13T10:11:33.668Z DEBUG [cache] GET render:proj-102 MISS
2026-03-13T10:11:33.715Z DEBUG [db] SELECT * FROM widgets WHERE project_id=$1 rows=24 duration=20ms
2026-03-13T10:11:33.716Z DEBUG [cache] SET render:proj-102 ttl=60s size=8.7KB
2026-03-13T10:11:35.003Z INFO  [api] GET /api/v1/health 200 2ms caller=k8s-probe
2026-03-13T10:11:44.334Z INFO  [api] GET /api/v1/projects/proj-335 200 4ms
2026-03-13T10:11:44.335Z DEBUG [cache] GET project:proj-335 HIT
2026-03-13T10:11:55.004Z INFO  [api] GET /api/v1/health 200 1ms caller=k8s-probe
2026-03-13T10:12:00.001Z INFO  [db] Connection pool stats: active=12 idle=8 wait_count=0 avg_wait=0ms
2026-03-13T10:12:04.556Z INFO  [api] GET /api/v1/users/u-7712 200 3ms
2026-03-13T10:12:04.557Z DEBUG [cache] GET user:u-7712 HIT
2026-03-13T10:12:05.005Z INFO  [api] GET /api/v1/health 200 1ms caller=k8s-probe
2026-03-13T10:12:15.223Z INFO  [worker] Worker-2 picked up job: data_export job_id=job-40019
2026-03-13T10:12:15.224Z DEBUG [worker] Exporting data for project proj-102 format=csv
2026-03-13T10:12:17.890Z DEBUG [db] SELECT * FROM events WHERE project_id=$1 rows=12480 duration=2100ms
2026-03-13T10:12:18.556Z INFO  [worker] Job job-40019 completed in 3332ms exported_rows=12480
2026-03-13T10:12:25.003Z INFO  [api] GET /api/v1/health 200 1ms caller=k8s-probe
2026-03-13T10:12:34.001Z INFO  [api] POST /api/v1/render 200 40ms
2026-03-13T10:12:34.002Z DEBUG [cache] GET render:proj-335 MISS
2026-03-13T10:12:34.036Z DEBUG [db] SELECT * FROM widgets WHERE project_id=$1 rows=3 duration=6ms
2026-03-13T10:12:34.037Z DEBUG [cache] SET render:proj-335 ttl=60s size=1.8KB
2026-03-13T10:12:35.004Z INFO  [api] GET /api/v1/health 200 1ms caller=k8s-probe
2026-03-13T10:12:44.778Z WARN  [api] Request timeout for GET /api/v1/widgets?filter=complex_query duration=5001ms
2026-03-13T10:12:45.005Z INFO  [api] GET /api/v1/health 200 1ms caller=k8s-probe
2026-03-13T10:12:55.112Z INFO  [api] GET /api/v1/projects/proj-221 200 5ms
2026-03-13T10:12:55.113Z DEBUG [cache] GET project:proj-221 HIT
2026-03-13T10:13:05.003Z INFO  [api] GET /api/v1/health 200 1ms caller=k8s-probe
2026-03-13T10:13:14.667Z INFO  [api] POST /api/v1/users 201 38ms
2026-03-13T10:13:14.668Z DEBUG [db] INSERT INTO users (...) RETURNING id duration=24ms new_id=u-8845
2026-03-13T10:13:15.004Z INFO  [api] GET /api/v1/health 200 1ms caller=k8s-probe
2026-03-13T10:13:25.445Z INFO  [api] GET /api/v1/users/u-8845 200 13ms
2026-03-13T10:13:25.446Z DEBUG [cache] GET user:u-8845 MISS
2026-03-13T10:13:25.455Z DEBUG [db] SELECT * FROM users WHERE id=$1 rows=1 duration=7ms
2026-03-13T10:13:25.456Z DEBUG [cache] SET user:u-8845 ttl=300s size=1.2KB
2026-03-13T10:13:35.005Z INFO  [api] GET /api/v1/health 200 1ms caller=k8s-probe
2026-03-13T10:14:00.001Z INFO  [server] Periodic stats: requests_total=187 avg_latency=23ms p99_latency=88ms errors=2
2026-03-13T10:14:05.003Z INFO  [api] GET /api/v1/health 200 1ms caller=k8s-probe
2026-03-13T10:14:14.889Z INFO  [api] POST /api/v1/render 200 44ms
2026-03-13T10:14:14.890Z DEBUG [cache] GET render:proj-221 HIT
2026-03-13T10:14:25.004Z INFO  [api] GET /api/v1/health 200 1ms caller=k8s-probe
2026-03-13T10:14:33.112Z INFO  [api] GET /api/v1/widgets?filter=type:chart 200 21ms
2026-03-13T10:14:33.113Z DEBUG [db] SELECT * FROM widgets WHERE type=$1 rows=7 duration=11ms
2026-03-13T10:14:35.005Z INFO  [api] GET /api/v1/health 200 1ms caller=k8s-probe
2026-03-13T10:14:44.556Z INFO  [worker] Worker-1 picked up job: email_notification job_id=job-40020
2026-03-13T10:14:44.557Z DEBUG [worker] Rendering email template for user u-8845
2026-03-13T10:14:44.890Z INFO  [worker] Job job-40020 completed in 333ms
2026-03-13T10:14:55.003Z INFO  [api] GET /api/v1/health 200 1ms caller=k8s-probe
2026-03-13T10:15:04.223Z INFO  [api] GET /api/v1/projects/proj-102 200 5ms
2026-03-13T10:15:04.224Z DEBUG [cache] GET project:proj-102 HIT
2026-03-13T10:15:15.005Z INFO  [api] GET /api/v1/health 200 1ms caller=k8s-probe
2026-03-13T10:15:25.667Z WARN  [auth] Token refresh failed for session sess-44210: token expired 120s ago
2026-03-13T10:15:25.668Z DEBUG [auth] Forcing re-authentication for session sess-44210
2026-03-13T10:15:35.003Z INFO  [api] GET /api/v1/health 200 1ms caller=k8s-probe
2026-03-13T10:15:44.001Z INFO  [api] POST /api/v1/render 200 52ms
2026-03-13T10:15:44.002Z DEBUG [cache] GET render:proj-102 MISS
2026-03-13T10:15:44.048Z DEBUG [db] SELECT * FROM widgets WHERE project_id=$1 rows=24 duration=18ms
2026-03-13T10:15:44.049Z DEBUG [cache] SET render:proj-102 ttl=60s size=8.7KB
2026-03-13T10:15:55.004Z INFO  [api] GET /api/v1/health 200 1ms caller=k8s-probe
2026-03-13T10:16:05.778Z INFO  [api] GET /api/v1/users/u-8842 200 3ms
2026-03-13T10:16:05.779Z DEBUG [cache] GET user:u-8842 HIT
2026-03-13T10:16:15.005Z INFO  [api] GET /api/v1/health 200 1ms caller=k8s-probe
2026-03-13T10:16:25.112Z INFO  [api] GET /api/v1/widgets?page=3&limit=50 200 28ms
2026-03-13T10:16:25.113Z DEBUG [db] SELECT * FROM widgets ORDER BY created_at DESC LIMIT 50 OFFSET 100 rows=43 duration=14ms
2026-03-13T10:16:35.003Z INFO  [api] GET /api/v1/health 200 1ms caller=k8s-probe
2026-03-13T10:16:44.890Z INFO  [worker] Worker-3 picked up job: report_generation job_id=job-40021
2026-03-13T10:16:44.891Z DEBUG [worker] Querying report data for project proj-335
2026-03-13T10:16:45.334Z DEBUG [db] SELECT ... FROM analytics WHERE project_id=$1 AND date >= $2 rows=45 duration=380ms
2026-03-13T10:16:45.556Z INFO  [worker] Job job-40021 completed in 665ms
2026-03-13T10:16:55.005Z INFO  [api] GET /api/v1/health 200 1ms caller=k8s-probe
2026-03-13T10:17:05.445Z INFO  [api] POST /api/v1/render 200 38ms
2026-03-13T10:17:05.446Z DEBUG [cache] GET render:proj-334 MISS
2026-03-13T10:17:05.478Z DEBUG [db] SELECT * FROM widgets WHERE project_id=$1 rows=3 duration=5ms
2026-03-13T10:17:05.479Z DEBUG [cache] SET render:proj-334 ttl=60s size=1.8KB
2026-03-13T10:17:15.003Z INFO  [api] GET /api/v1/health 200 1ms caller=k8s-probe
2026-03-13T10:17:25.223Z WARN  [cache] High memory usage on Redis node cache-2: 87% of max_memory
2026-03-13T10:17:35.004Z INFO  [api] GET /api/v1/health 200 1ms caller=k8s-probe
2026-03-13T10:17:44.778Z INFO  [api] GET /api/v1/projects/proj-334 200 4ms
2026-03-13T10:17:44.779Z DEBUG [cache] GET project:proj-334 HIT
2026-03-13T10:17:55.005Z INFO  [api] GET /api/v1/health 200 1ms caller=k8s-probe
2026-03-13T10:18:04.112Z INFO  [api] GET /api/v1/users/u-8831 200 3ms
2026-03-13T10:18:04.113Z DEBUG [cache] GET user:u-8831 HIT
2026-03-13T10:18:15.003Z INFO  [api] GET /api/v1/health 200 1ms caller=k8s-probe
2026-03-13T10:18:25.889Z INFO  [api] POST /api/v1/projects 201 52ms
2026-03-13T10:18:25.890Z DEBUG [db] INSERT INTO projects (...) RETURNING id duration=33ms new_id=proj-336
2026-03-13T10:18:25.892Z DEBUG [cache] DEL project_list:* invalidated=6
2026-03-13T10:18:35.005Z INFO  [api] GET /api/v1/health 200 1ms caller=k8s-probe
2026-03-13T10:18:45.556Z INFO  [api] POST /api/v1/render 200 41ms
2026-03-13T10:18:45.557Z DEBUG [cache] GET render:proj-336 MISS
2026-03-13T10:18:45.592Z DEBUG [db] SELECT * FROM widgets WHERE project_id=$1 rows=0 duration=4ms
2026-03-13T10:18:45.593Z WARN  [api] POST /api/v1/render project proj-336 has no widgets, returning empty layout
2026-03-13T10:18:55.003Z INFO  [api] GET /api/v1/health 200 1ms caller=k8s-probe
2026-03-13T10:19:05.223Z INFO  [worker] Worker-0 picked up job: thumbnail_generation job_id=job-40022
2026-03-13T10:19:05.224Z DEBUG [worker] Resizing image asset-99210 to 256x256
2026-03-13T10:19:05.890Z INFO  [worker] Job job-40022 completed in 667ms
2026-03-13T10:19:15.004Z INFO  [api] GET /api/v1/health 200 1ms caller=k8s-probe
2026-03-13T10:19:25.778Z INFO  [api] GET /api/v1/widgets?filter=type:table 200 18ms
2026-03-13T10:19:25.779Z DEBUG [db] SELECT * FROM widgets WHERE type=$1 rows=5 duration=9ms
2026-03-13T10:19:35.005Z INFO  [api] GET /api/v1/health 200 1ms caller=k8s-probe
2026-03-13T10:19:44.445Z INFO  [api] GET /api/v1/projects/proj-336 200 14ms
2026-03-13T10:19:44.446Z DEBUG [cache] GET project:proj-336 MISS
2026-03-13T10:19:44.456Z DEBUG [db] SELECT * FROM projects WHERE id=$1 rows=1 duration=7ms
2026-03-13T10:19:44.457Z DEBUG [cache] SET project:proj-336 ttl=300s size=2.7KB
2026-03-13T10:19:55.003Z INFO  [api] GET /api/v1/health 200 1ms caller=k8s-probe
2026-03-13T10:20:00.002Z INFO  [server] Periodic stats: requests_total=312 avg_latency=21ms p99_latency=82ms errors=3
2026-03-13T10:20:04.667Z INFO  [api] POST /api/v1/render 200 46ms
2026-03-13T10:20:04.668Z DEBUG [cache] GET render:proj-221 HIT
2026-03-13T10:20:15.005Z INFO  [api] GET /api/v1/health 200 1ms caller=k8s-probe
2026-03-13T10:20:25.001Z INFO  [api] GET /api/v1/users/u-8844 200 4ms
2026-03-13T10:20:25.002Z DEBUG [cache] GET user:u-8844 HIT
2026-03-13T10:20:35.003Z INFO  [api] GET /api/v1/health 200 1ms caller=k8s-probe
2026-03-13T10:20:44.334Z WARN  [db] Slow query detected: SELECT ... FROM widgets JOIN projects duration=1102ms threshold=1000ms
2026-03-13T10:20:55.004Z INFO  [api] GET /api/v1/health 200 1ms caller=k8s-probe
2026-03-13T10:21:05.112Z INFO  [api] POST /api/v1/users 201 36ms
2026-03-13T10:21:05.113Z DEBUG [db] INSERT INTO users (...) RETURNING id duration=22ms new_id=u-8846
2026-03-13T10:21:15.005Z INFO  [api] GET /api/v1/health 200 1ms caller=k8s-probe
2026-03-13T10:21:25.445Z INFO  [worker] Worker-2 picked up job: webhook_delivery job_id=job-40023
2026-03-13T10:21:25.446Z DEBUG [worker] Delivering webhook to https://hooks.client.example/events
2026-03-13T10:21:25.890Z INFO  [worker] Job job-40023 completed in 444ms status=delivered
2026-03-13T10:21:35.003Z INFO  [api] GET /api/v1/health 200 1ms caller=k8s-probe
2026-03-13T10:21:44.778Z INFO  [api] GET /api/v1/projects/proj-221 200 5ms
2026-03-13T10:21:44.779Z DEBUG [cache] GET project:proj-221 HIT
2026-03-13T10:21:55.004Z INFO  [api] GET /api/v1/health 200 1ms caller=k8s-probe
2026-03-13T10:22:04.556Z INFO  [api] GET /api/v1/widgets?page=1&limit=50 200 30ms
2026-03-13T10:22:04.557Z DEBUG [db] SELECT * FROM widgets ORDER BY created_at DESC LIMIT 50 rows=50 duration=17ms
2026-03-13T10:22:15.005Z INFO  [api] GET /api/v1/health 200 1ms caller=k8s-probe
2026-03-13T10:22:25.667Z INFO  [api] POST /api/v1/render 200 48ms
2026-03-13T10:22:25.668Z DEBUG [cache] GET render:proj-102 MISS
2026-03-13T10:22:25.710Z DEBUG [db] SELECT * FROM widgets WHERE project_id=$1 rows=24 duration=19ms
2026-03-13T10:22:25.711Z DEBUG [cache] SET render:proj-102 ttl=60s size=8.7KB
2026-03-13T10:22:35.003Z INFO  [api] GET /api/v1/health 200 1ms caller=k8s-probe
2026-03-13T10:22:44.223Z WARN  [cache] Connection to cache-3 timed out, retrying
2026-03-13T10:22:44.556Z WARN  [cache] Reconnection attempt 1 to cache-3 failed
2026-03-13T10:22:45.557Z WARN  [cache] Reconnection attempt 2 to cache-3 failed
2026-03-13T10:22:46.890Z INFO  [cache] Reconnected to cache-3 after 2667ms
2026-03-13T10:22:46.891Z WARN  [cache] cache-3 was unreachable for 2.6s, some cache reads may have been served from other nodes
2026-03-13T10:22:55.004Z INFO  [api] GET /api/v1/health 200 2ms caller=k8s-probe
2026-03-13T10:23:05.005Z INFO  [api] GET /api/v1/health 200 1ms caller=k8s-probe
2026-03-13T10:23:14.112Z INFO  [api] GET /api/v1/users/u-8846 200 12ms
2026-03-13T10:23:14.113Z DEBUG [cache] GET user:u-8846 MISS
2026-03-13T10:23:14.121Z DEBUG [db] SELECT * FROM users WHERE id=$1 rows=1 duration=6ms
2026-03-13T10:23:14.122Z DEBUG [cache] SET user:u-8846 ttl=300s size=1.0KB
2026-03-13T10:23:25.003Z INFO  [api] GET /api/v1/health 200 1ms caller=k8s-probe
2026-03-13T10:23:35.890Z INFO  [api] POST /api/v1/render 200 39ms
2026-03-13T10:23:35.891Z DEBUG [cache] GET render:proj-336 MISS
2026-03-13T10:23:35.924Z DEBUG [db] SELECT * FROM widgets WHERE project_id=$1 rows=2 duration=5ms
2026-03-13T10:23:35.925Z DEBUG [cache] SET render:proj-336 ttl=60s size=1.2KB
2026-03-13T10:23:45.005Z INFO  [api] GET /api/v1/health 200 1ms caller=k8s-probe
2026-03-13T10:23:55.334Z INFO  [worker] Worker-1 picked up job: email_notification job_id=job-40024
2026-03-13T10:23:55.335Z DEBUG [worker] Rendering email template for user u-8846
2026-03-13T10:23:55.667Z INFO  [worker] Job job-40024 completed in 332ms
2026-03-13T10:24:05.003Z INFO  [api] GET /api/v1/health 200 1ms caller=k8s-probe
2026-03-13T10:24:15.778Z INFO  [api] GET /api/v1/projects/proj-335 200 4ms
2026-03-13T10:24:15.779Z DEBUG [cache] GET project:proj-335 HIT
2026-03-13T10:24:25.004Z INFO  [api] GET /api/v1/health 200 1ms caller=k8s-probe
2026-03-13T10:24:34.556Z INFO  [api] GET /api/v1/users/u-7712 200 3ms
2026-03-13T10:24:34.557Z DEBUG [cache] GET user:u-7712 HIT
2026-03-13T10:24:45.005Z INFO  [api] GET /api/v1/health 200 1ms caller=k8s-probe
2026-03-13T10:24:55.001Z INFO  [api] POST /api/v1/render 200 42ms
2026-03-13T10:24:55.002Z DEBUG [cache] GET render:proj-221 HIT
2026-03-13T10:25:05.003Z INFO  [api] GET /api/v1/health 200 1ms caller=k8s-probe
2026-03-13T10:25:14.445Z WARN  [api] Request rate limit approaching for client api-key-9001: 480/500 rpm
2026-03-13T10:25:25.004Z INFO  [api] GET /api/v1/health 200 1ms caller=k8s-probe
2026-03-13T10:25:35.112Z INFO  [api] GET /api/v1/widgets?filter=type:text 200 15ms
2026-03-13T10:25:35.113Z DEBUG [db] SELECT * FROM widgets WHERE type=$1 rows=22 duration=8ms
2026-03-13T10:25:45.005Z INFO  [api] GET /api/v1/health 200 1ms caller=k8s-probe
2026-03-13T10:25:55.667Z INFO  [api] POST /api/v1/projects 201 50ms
2026-03-13T10:25:55.668Z DEBUG [db] INSERT INTO projects (...) RETURNING id duration=31ms new_id=proj-337
2026-03-13T10:25:55.670Z DEBUG [cache] DEL project_list:* invalidated=7
2026-03-13T10:26:00.001Z INFO  [server] Periodic stats: requests_total=438 avg_latency=20ms p99_latency=78ms errors=3
2026-03-13T10:26:05.003Z INFO  [api] GET /api/v1/health 200 1ms caller=k8s-probe
2026-03-13T10:26:15.778Z INFO  [api] GET /api/v1/projects/proj-337 200 13ms
2026-03-13T10:26:15.779Z DEBUG [cache] GET project:proj-337 MISS
2026-03-13T10:26:15.788Z DEBUG [db] SELECT * FROM projects WHERE id=$1 rows=1 duration=6ms
2026-03-13T10:26:15.789Z DEBUG [cache] SET project:proj-337 ttl=300s size=2.8KB
2026-03-13T10:26:25.004Z INFO  [api] GET /api/v1/health 200 1ms caller=k8s-probe
2026-03-13T10:26:35.445Z INFO  [worker] Worker-3 picked up job: data_export job_id=job-40025
2026-03-13T10:26:35.446Z DEBUG [worker] Exporting data for project proj-221 format=json
2026-03-13T10:26:38.001Z DEBUG [db] SELECT * FROM events WHERE project_id=$1 rows=18920 duration=2200ms
2026-03-13T10:26:38.890Z INFO  [worker] Job job-40025 completed in 3444ms exported_rows=18920
2026-03-13T10:26:45.005Z INFO  [api] GET /api/v1/health 200 1ms caller=k8s-probe
2026-03-13T10:26:55.112Z INFO  [api] POST /api/v1/render 200 44ms
2026-03-13T10:26:55.113Z DEBUG [cache] GET render:proj-335 MISS
2026-03-13T10:26:55.151Z DEBUG [db] SELECT * FROM widgets WHERE project_id=$1 rows=5 duration=9ms
2026-03-13T10:26:55.152Z DEBUG [cache] SET render:proj-335 ttl=60s size=3.1KB
2026-03-13T10:27:05.003Z INFO  [api] GET /api/v1/health 200 1ms caller=k8s-probe
2026-03-13T10:27:15.890Z INFO  [api] GET /api/v1/users/u-8845 200 4ms
2026-03-13T10:27:15.891Z DEBUG [cache] GET user:u-8845 HIT
2026-03-13T10:27:25.004Z INFO  [api] GET /api/v1/health 200 1ms caller=k8s-probe
2026-03-13T10:27:35.223Z INFO  [api] POST /api/v1/render 200 40ms
2026-03-13T10:27:35.224Z DEBUG [cache] GET render:proj-336 MISS
2026-03-13T10:27:35.258Z DEBUG [db] SELECT * FROM widgets WHERE project_id=$1 rows=2 duration=5ms
2026-03-13T10:27:35.259Z DEBUG [cache] SET render:proj-336 ttl=60s size=1.2KB
2026-03-13T10:27:45.005Z INFO  [api] GET /api/v1/health 200 1ms caller=k8s-probe
2026-03-13T10:27:55.556Z WARN  [db] Slow query detected: SELECT DISTINCT ... FROM widgets JOIN analytics duration=1550ms threshold=1000ms
2026-03-13T10:28:05.003Z INFO  [api] GET /api/v1/health 200 1ms caller=k8s-probe
2026-03-13T10:28:14.334Z INFO  [api] GET /api/v1/widgets?page=1&limit=100 200 35ms
2026-03-13T10:28:14.335Z DEBUG [db] SELECT * FROM widgets ORDER BY created_at DESC LIMIT 100 rows=96 duration=21ms
2026-03-13T10:28:25.005Z INFO  [api] GET /api/v1/health 200 1ms caller=k8s-probe
2026-03-13T10:28:35.778Z INFO  [api] GET /api/v1/projects/proj-102 200 4ms
2026-03-13T10:28:35.779Z DEBUG [cache] GET project:proj-102 HIT
2026-03-13T10:28:45.003Z INFO  [api] GET /api/v1/health 200 1ms caller=k8s-probe
2026-03-13T10:28:55.112Z INFO  [api] POST /api/v1/render 200 53ms
2026-03-13T10:28:55.113Z DEBUG [cache] GET render:proj-102 MISS
2026-03-13T10:28:55.160Z DEBUG [db] SELECT * FROM widgets WHERE project_id=$1 rows=24 duration=20ms
2026-03-13T10:28:55.161Z DEBUG [cache] SET render:proj-102 ttl=60s size=8.7KB
2026-03-13T10:29:05.004Z INFO  [api] GET /api/v1/health 200 1ms caller=k8s-probe
2026-03-13T10:29:14.667Z INFO  [worker] Worker-0 picked up job: index_rebuild job_id=job-40026
2026-03-13T10:29:14.668Z DEBUG [worker] Rebuilding search index for project proj-335
2026-03-13T10:29:16.890Z DEBUG [db] SELECT * FROM widgets WHERE project_id=$1 rows=5 duration=10ms
2026-03-13T10:29:17.223Z INFO  [worker] Job job-40026 completed in 2555ms
2026-03-13T10:29:25.005Z INFO  [api] GET /api/v1/health 200 1ms caller=k8s-probe
2026-03-13T10:29:35.445Z INFO  [api] GET /api/v1/users/u-8843 200 3ms
2026-03-13T10:29:35.446Z DEBUG [cache] GET user:u-8843 HIT
2026-03-13T10:29:45.003Z INFO  [api] GET /api/v1/health 200 1ms caller=k8s-probe
2026-03-13T10:29:55.334Z INFO  [api] POST /api/v1/render 200 39ms
2026-03-13T10:29:55.335Z DEBUG [cache] GET render:proj-221 HIT
2026-03-13T10:30:00.003Z INFO  [db] Connection pool stats: active=10 idle=10 wait_count=0 avg_wait=0ms
2026-03-13T10:30:05.004Z INFO  [api] GET /api/v1/health 200 1ms caller=k8s-probe
2026-03-13T10:30:15.001Z ERROR [db] Connection to db-primary.internal:5432 lost: read tcp 10.0.1.15:5432: i/o timeout
2026-03-13T10:30:15.002Z ERROR [db] Active queries interrupted: 4 queries aborted
2026-03-13T10:30:15.003Z WARN  [db] Initiating failover to db-replica.internal:5432
2026-03-13T10:30:15.112Z INFO  [db] Attempting connection to db-replica.internal:5432
2026-03-13T10:30:15.334Z INFO  [db] Connected to replica, verifying read/write capability
2026-03-13T10:30:15.445Z ERROR [api] POST /api/v1/render 503 5012ms
  database connection lost during query execution
  github.com/joncooper/imagine-tui/internal/db.(*Pool).Query
  	/app/internal/db/pool.go:142
  github.com/joncooper/imagine-tui/internal/api.(*Handler).HandleRender
  	/app/internal/api/render.go:87
  github.com/joncooper/imagine-tui/internal/api.(*Router).ServeHTTP
  	/app/internal/api/router.go:55
  net/http.(*ServeMux).ServeHTTP
  	/usr/local/go/src/net/http/server.go:2556
2026-03-13T10:30:15.446Z ERROR [api] GET /api/v1/users/u-8831 503 4998ms
  database connection lost during query execution
  github.com/joncooper/imagine-tui/internal/db.(*Pool).Query
  	/app/internal/db/pool.go:142
  github.com/joncooper/imagine-tui/internal/api.(*Handler).GetUser
  	/app/internal/api/users.go:34
  github.com/joncooper/imagine-tui/internal/api.(*Router).ServeHTTP
  	/app/internal/api/router.go:55
  net/http.(*ServeMux).ServeHTTP
  	/usr/local/go/src/net/http/server.go:2556
2026-03-13T10:30:15.556Z ERROR [api] GET /api/v1/projects/proj-221 503 4890ms
  database connection lost during query execution
  github.com/joncooper/imagine-tui/internal/db.(*Pool).Query
  	/app/internal/db/pool.go:142
  github.com/joncooper/imagine-tui/internal/api.(*Handler).GetProject
  	/app/internal/api/projects.go:41
  github.com/joncooper/imagine-tui/internal/api.(*Router).ServeHTTP
  	/app/internal/api/router.go:55
  net/http.(*ServeMux).ServeHTTP
  	/usr/local/go/src/net/http/server.go:2556
2026-03-13T10:30:15.557Z ERROR [worker] Worker-2 job job-40027 failed: database connection lost
2026-03-13T10:30:15.890Z INFO  [db] Replica promoted to primary, pool re-established, pool_size=20
2026-03-13T10:30:15.891Z WARN  [db] 4 queries were lost during failover, clients should retry
2026-03-13T10:30:16.001Z INFO  [api] GET /api/v1/health 200 3ms caller=k8s-probe
2026-03-13T10:30:25.003Z INFO  [api] GET /api/v1/health 200 1ms caller=k8s-probe
2026-03-13T10:30:34.112Z INFO  [api] POST /api/v1/render 200 48ms
2026-03-13T10:30:34.113Z DEBUG [cache] GET render:proj-221 MISS
2026-03-13T10:30:34.155Z DEBUG [db] SELECT * FROM widgets WHERE project_id=$1 rows=12 duration=14ms
2026-03-13T10:30:34.156Z DEBUG [cache] SET render:proj-221 ttl=60s size=5.4KB
2026-03-13T10:30:35.004Z INFO  [api] GET /api/v1/health 200 1ms caller=k8s-probe
2026-03-13T10:30:44.556Z INFO  [api] GET /api/v1/users/u-8831 200 15ms
2026-03-13T10:30:44.557Z DEBUG [cache] GET user:u-8831 MISS
2026-03-13T10:30:44.568Z DEBUG [db] SELECT * FROM users WHERE id=$1 rows=1 duration=8ms
2026-03-13T10:30:44.569Z DEBUG [cache] SET user:u-8831 ttl=300s size=1.2KB
2026-03-13T10:30:55.005Z INFO  [api] GET /api/v1/health 200 1ms caller=k8s-probe
2026-03-13T10:31:05.334Z INFO  [api] GET /api/v1/projects/proj-221 200 16ms
2026-03-13T10:31:05.335Z DEBUG [cache] GET project:proj-221 MISS
2026-03-13T10:31:05.347Z DEBUG [db] SELECT * FROM projects WHERE id=$1 rows=1 duration=9ms
2026-03-13T10:31:05.348Z DEBUG [cache] SET project:proj-221 ttl=300s size=3.4KB
2026-03-13T10:31:15.003Z INFO  [api] GET /api/v1/health 200 1ms caller=k8s-probe
2026-03-13T10:31:25.778Z INFO  [api] POST /api/v1/users 201 37ms
2026-03-13T10:31:25.779Z DEBUG [db] INSERT INTO users (...) RETURNING id duration=23ms new_id=u-8847
2026-03-13T10:31:35.004Z INFO  [api] GET /api/v1/health 200 1ms caller=k8s-probe
2026-03-13T10:31:44.112Z INFO  [worker] Worker-1 picked up job: email_notification job_id=job-40028
2026-03-13T10:31:44.113Z DEBUG [worker] Rendering email template for user u-8847
2026-03-13T10:31:44.445Z INFO  [worker] Job job-40028 completed in 333ms
2026-03-13T10:31:55.005Z INFO  [api] GET /api/v1/health 200 1ms caller=k8s-probe
2026-03-13T10:32:00.001Z INFO  [server] Periodic stats: requests_total=521 avg_latency=24ms p99_latency=102ms errors=7
2026-03-13T10:32:05.003Z INFO  [api] GET /api/v1/health 200 1ms caller=k8s-probe
2026-03-13T10:32:14.667Z INFO  [api] GET /api/v1/widgets?filter=type:chart 200 19ms
2026-03-13T10:32:14.668Z DEBUG [db] SELECT * FROM widgets WHERE type=$1 rows=7 duration=10ms
2026-03-13T10:32:15.004Z INFO  [api] GET /api/v1/health 200 1ms caller=k8s-probe
2026-03-13T10:32:25.890Z INFO  [api] GET /api/v1/users/u-8847 200 12ms
2026-03-13T10:32:25.891Z DEBUG [cache] GET user:u-8847 MISS
2026-03-13T10:32:25.899Z DEBUG [db] SELECT * FROM users WHERE id=$1 rows=1 duration=6ms
2026-03-13T10:32:25.900Z DEBUG [cache] SET user:u-8847 ttl=300s size=1.1KB
2026-03-13T10:32:35.005Z INFO  [api] GET /api/v1/health 200 1ms caller=k8s-probe
